// Jest Snapshot v1, https://goo.gl/fbAQLP

exports[`should render DrinkForm correctly 1`] = `
<form
  className="form"
  onSubmit={[Function]}
>
  <div>
    <button
      className="button"
    >
      Test title
    </button>
  </div>
</form>
`;
