// Jest Snapshot v1, https://goo.gl/fbAQLP

exports[`should render Header correctly 1`] = `
<header
  className="header"
>
  <div
    className="content-container"
  >
    <div
      className="header__content"
    >
      <Link
        className="header__title"
        replace={false}
        to="/dashboard"
      >
        <h1>
          My Bar
        </h1>
      </Link>
      <div>
        <h4>
          <a
            href="https://myaccount.google.com"
          >
            <img
              className="header__avatar"
              src="https://imgsome"
              width="40px"
            />
             Â  Welcome, 
            Mike
          </a>
        </h4>
      </div>
      <button
        className="button button--link"
        onClick={[Function]}
      >
        Logout
      </button>
    </div>
  </div>
</header>
`;
