// Jest Snapshot v1, https://goo.gl/fbAQLP

exports[`should render help page correctly 1`] = `
<div>
  This is from my HELP expense component.
</div>
`;
